MPLINK 5.08, LINKER
Linker Map File - Created Fri Sep 27 12:41:03 2024

                                 Section Info
                  Section       Type    Address   Location Size(Bytes)
                ---------  ---------  ---------  ---------  ---------
                 RES_VECT       code   0x000000    program   0x000002
                   .cinit    romdata   0x000001    program   0x000004
                 INT_VECT       code   0x000004    program   0x0000c2
.config_2007_BUILD/DEFAULT/PRODUCTION/TEMPERA       code   0x002007    program   0x000002



                              Program Memory Usage 
                               Start         End      
                           ---------   ---------      
                            0x000000    0x000002      
                            0x000004    0x000064      
                            0x002007    0x002007      
            101 out of 8454 program addresses used, program memory utilization is 1%



                              Symbols - Sorted by Name
                     Name    Address   Location    Storage File                     
                ---------  ---------  ---------  --------- ---------                
         ATUALIZA_DISPLAY   0x000043    program     static /home/luis/MPLABXProjects/Temperatura/temperatura.asm
             BUSCA_CODIGO   0x00005a    program     static /home/luis/MPLABXProjects/Temperatura/temperatura.asm
           LACO_PRINCIPAL   0x000026    program     static /home/luis/MPLABXProjects/Temperatura/temperatura.asm
          SAI_INTERRUPCAO   0x000012    program     static /home/luis/MPLABXProjects/Temperatura/temperatura.asm
                    START   0x000016    program     static /home/luis/MPLABXProjects/Temperatura/temperatura.asm
            TESTA_CENTENA   0x000054    program     static /home/luis/MPLABXProjects/Temperatura/temperatura.asm
             TESTA_DEZENA   0x00004c    program     static /home/luis/MPLABXProjects/Temperatura/temperatura.asm
         VERIFICA_CENTENA   0x000032    program     static /home/luis/MPLABXProjects/Temperatura/temperatura.asm
          VERIFICA_DEZENA   0x000039    program     static /home/luis/MPLABXProjects/Temperatura/temperatura.asm
         VERIFICA_UNIDADE   0x000040    program     static /home/luis/MPLABXProjects/Temperatura/temperatura.asm
           _INT_VECT_002C   0x00002c    program     static /home/luis/MPLABXProjects/Temperatura/temperatura.asm



                              Symbols - Sorted by Address
                     Name    Address   Location    Storage File                     
                ---------  ---------  ---------  --------- ---------                
          SAI_INTERRUPCAO   0x000012    program     static /home/luis/MPLABXProjects/Temperatura/temperatura.asm
                    START   0x000016    program     static /home/luis/MPLABXProjects/Temperatura/temperatura.asm
           LACO_PRINCIPAL   0x000026    program     static /home/luis/MPLABXProjects/Temperatura/temperatura.asm
           _INT_VECT_002C   0x00002c    program     static /home/luis/MPLABXProjects/Temperatura/temperatura.asm
         VERIFICA_CENTENA   0x000032    program     static /home/luis/MPLABXProjects/Temperatura/temperatura.asm
          VERIFICA_DEZENA   0x000039    program     static /home/luis/MPLABXProjects/Temperatura/temperatura.asm
         VERIFICA_UNIDADE   0x000040    program     static /home/luis/MPLABXProjects/Temperatura/temperatura.asm
         ATUALIZA_DISPLAY   0x000043    program     static /home/luis/MPLABXProjects/Temperatura/temperatura.asm
             TESTA_DEZENA   0x00004c    program     static /home/luis/MPLABXProjects/Temperatura/temperatura.asm
            TESTA_CENTENA   0x000054    program     static /home/luis/MPLABXProjects/Temperatura/temperatura.asm
             BUSCA_CODIGO   0x00005a    program     static /home/luis/MPLABXProjects/Temperatura/temperatura.asm


