MPLINK 5.08, LINKER
Linker Map File - Created Sun Aug 25 22:44:56 2024

                                 Section Info
                  Section       Type    Address   Location Size(Bytes)
                ---------  ---------  ---------  ---------  ---------
                 RES_VECT       code   0x000000    program   0x000002
                   .cinit    romdata   0x000001    program   0x000004
                 INT_VECT       code   0x000004    program   0x00004e
.config_2007_BUILD/DEFAULT/PRODUCTION/INTERUP       code   0x002007    program   0x000002



                              Program Memory Usage 
                               Start         End      
                           ---------   ---------      
                            0x000000    0x000002      
                            0x000004    0x00002a      
                            0x002007    0x002007      
            43 out of 2182 program addresses used, program memory utilization is 1%



                              Symbols - Sorted by Name
                     Name    Address   Location    Storage File                     
                ---------  ---------  ---------  --------- ---------                
           ACENDE_LAMPADA   0x000029    program     static /home/luis/MPLABXProjects/Interuption/interuption.asm
                   INICIO   0x000015    program     static /home/luis/MPLABXProjects/Interuption/interuption.asm
                     LOOP   0x000022    program     static /home/luis/MPLABXProjects/Interuption/interuption.asm
          SAI_INTERRUPCAO   0x000011    program     static /home/luis/MPLABXProjects/Interuption/interuption.asm



                              Symbols - Sorted by Address
                     Name    Address   Location    Storage File                     
                ---------  ---------  ---------  --------- ---------                
          SAI_INTERRUPCAO   0x000011    program     static /home/luis/MPLABXProjects/Interuption/interuption.asm
                   INICIO   0x000015    program     static /home/luis/MPLABXProjects/Interuption/interuption.asm
                     LOOP   0x000022    program     static /home/luis/MPLABXProjects/Interuption/interuption.asm
           ACENDE_LAMPADA   0x000029    program     static /home/luis/MPLABXProjects/Interuption/interuption.asm


