MPLINK 5.08, LINKER
Linker Map File - Created Fri Oct  4 11:42:49 2024

                                 Section Info
                  Section       Type    Address   Location Size(Bytes)
                ---------  ---------  ---------  ---------  ---------
                 RES_VECT       code   0x000000    program   0x000002
                   .cinit    romdata   0x000001    program   0x000004
                 INT_VECT       code   0x000004    program   0x0000c8
.config_2007_BUILD/DEFAULT/PRODUCTION/PWM-10B       code   0x002007    program   0x000002



                              Program Memory Usage 
                               Start         End      
                           ---------   ---------      
                            0x000000    0x000002      
                            0x000004    0x000067      
                            0x002007    0x002007      
            104 out of 8454 program addresses used, program memory utilization is 1%



                              Symbols - Sorted by Name
                     Name    Address   Location    Storage File                     
                ---------  ---------  ---------  --------- ---------                
         ATUALIZA_DISPLAY   0x000046    program     static /home/luis/MPLABXProjects/PWM-10bits/pwm-10bits.asm
             BUSCA_CODIGO   0x00005d    program     static /home/luis/MPLABXProjects/PWM-10bits/pwm-10bits.asm
           LACO_PRINCIPAL   0x000026    program     static /home/luis/MPLABXProjects/PWM-10bits/pwm-10bits.asm
          SAI_INTERRUPCAO   0x000012    program     static /home/luis/MPLABXProjects/PWM-10bits/pwm-10bits.asm
                    START   0x000016    program     static /home/luis/MPLABXProjects/PWM-10bits/pwm-10bits.asm
             SUBTRAIR_ADC   0x000043    program     static /home/luis/MPLABXProjects/PWM-10bits/pwm-10bits.asm
            TESTA_CENTENA   0x000057    program     static /home/luis/MPLABXProjects/PWM-10bits/pwm-10bits.asm
             TESTA_DEZENA   0x00004f    program     static /home/luis/MPLABXProjects/PWM-10bits/pwm-10bits.asm
         VERIFICA_CENTENA   0x000034    program     static /home/luis/MPLABXProjects/PWM-10bits/pwm-10bits.asm
          VERIFICA_DEZENA   0x00003a    program     static /home/luis/MPLABXProjects/PWM-10bits/pwm-10bits.asm
         VERIFICA_UNIDADE   0x000040    program     static /home/luis/MPLABXProjects/PWM-10bits/pwm-10bits.asm
           _INT_VECT_002C   0x00002c    program     static /home/luis/MPLABXProjects/PWM-10bits/pwm-10bits.asm



                              Symbols - Sorted by Address
                     Name    Address   Location    Storage File                     
                ---------  ---------  ---------  --------- ---------                
          SAI_INTERRUPCAO   0x000012    program     static /home/luis/MPLABXProjects/PWM-10bits/pwm-10bits.asm
                    START   0x000016    program     static /home/luis/MPLABXProjects/PWM-10bits/pwm-10bits.asm
           LACO_PRINCIPAL   0x000026    program     static /home/luis/MPLABXProjects/PWM-10bits/pwm-10bits.asm
           _INT_VECT_002C   0x00002c    program     static /home/luis/MPLABXProjects/PWM-10bits/pwm-10bits.asm
         VERIFICA_CENTENA   0x000034    program     static /home/luis/MPLABXProjects/PWM-10bits/pwm-10bits.asm
          VERIFICA_DEZENA   0x00003a    program     static /home/luis/MPLABXProjects/PWM-10bits/pwm-10bits.asm
         VERIFICA_UNIDADE   0x000040    program     static /home/luis/MPLABXProjects/PWM-10bits/pwm-10bits.asm
             SUBTRAIR_ADC   0x000043    program     static /home/luis/MPLABXProjects/PWM-10bits/pwm-10bits.asm
         ATUALIZA_DISPLAY   0x000046    program     static /home/luis/MPLABXProjects/PWM-10bits/pwm-10bits.asm
             TESTA_DEZENA   0x00004f    program     static /home/luis/MPLABXProjects/PWM-10bits/pwm-10bits.asm
            TESTA_CENTENA   0x000057    program     static /home/luis/MPLABXProjects/PWM-10bits/pwm-10bits.asm
             BUSCA_CODIGO   0x00005d    program     static /home/luis/MPLABXProjects/PWM-10bits/pwm-10bits.asm


