MPLINK 5.08, LINKER
Linker Map File - Created Wed Aug 21 13:46:17 2024

                                 Section Info
                  Section       Type    Address   Location Size(Bytes)
                ---------  ---------  ---------  ---------  ---------
                 RES_VECT       code   0x000000    program   0x00002c
                   .cinit    romdata   0x000016    program   0x000004
.config_2007_BUILD/DEFAULT/PRODUCTION/PISCA_P       code   0x002007    program   0x000002



                              Program Memory Usage 
                               Start         End      
                           ---------   ---------      
                            0x000000    0x000017      
                            0x002007    0x002007      
            25 out of 2182 program addresses used, program memory utilization is 1%



                              Symbols - Sorted by Name
                     Name    Address   Location    Storage File                     
                ---------  ---------  ---------  --------- ---------                
               DEC_TEMPO1   0x000013    program     static /home/luis/MPLABXProjects/Pisca_Pisca/pisca_pisca.asm
               DEC_TEMPO2   0x00000c    program     static /home/luis/MPLABXProjects/Pisca_Pisca/pisca_pisca.asm
                  ESPERAR   0x000008    program     static /home/luis/MPLABXProjects/Pisca_Pisca/pisca_pisca.asm
        INICIALIZA_TEMPO2   0x00000a    program     static /home/luis/MPLABXProjects/Pisca_Pisca/pisca_pisca.asm
                     LOOP   0x000003    program     static /home/luis/MPLABXProjects/Pisca_Pisca/pisca_pisca.asm



                              Symbols - Sorted by Address
                     Name    Address   Location    Storage File                     
                ---------  ---------  ---------  --------- ---------                
                     LOOP   0x000003    program     static /home/luis/MPLABXProjects/Pisca_Pisca/pisca_pisca.asm
                  ESPERAR   0x000008    program     static /home/luis/MPLABXProjects/Pisca_Pisca/pisca_pisca.asm
        INICIALIZA_TEMPO2   0x00000a    program     static /home/luis/MPLABXProjects/Pisca_Pisca/pisca_pisca.asm
               DEC_TEMPO2   0x00000c    program     static /home/luis/MPLABXProjects/Pisca_Pisca/pisca_pisca.asm
               DEC_TEMPO1   0x000013    program     static /home/luis/MPLABXProjects/Pisca_Pisca/pisca_pisca.asm


